[00:06:06] [Server thread/INFO]: A_le_ issued server command: /tp VLLMBot A_le_
[00:06:06] [Server thread/INFO]: [A_le_: Teleported VLLMBot to A_le_]
[00:07:30] [Server thread/INFO]: A_le_ issued server command: /tp VLLMBot A_le_
[00:07:30] [Server thread/INFO]: [A_le_: Teleported VLLMBot to A_le_]
[00:07:30] [Server thread/WARN]: VLLMBot moved too quickly! -14.423963008370073,1.7509215305057495,-13.550722558235059
[00:07:55] [Server thread/INFO]: VLLMBot lost connection: Disconnected
[00:07:56] [Server thread/INFO]: VLLMBot left the game
[00:23:52] [User Authenticator #2/INFO]: UUID of player VLLMBot is ad7a8a50-bdf6-393f-ab75-5b87d8212f8b
[00:23:52] [Server thread/INFO]: VLLMBot joined the game
[00:23:52] [Server thread/INFO]: VLLMBot[/127.0.0.1:52876] logged in with entity id 103 at ([world]18.924749137737752, 66.0, 10.119527729174392)
[00:32:00] [Server thread/INFO]: A_le_ issued server command: /tp VLLMBot A_le_
[00:32:00] [Server thread/INFO]: [A_le_: Teleported VLLMBot to A_le_]
[00:32:00] [Server thread/WARN]: VLLMBot moved too quickly! -18.19757038302506,3.2668918823215733,-18.0624730702164
[00:32:00] [Server thread/WARN]: VLLMBot moved too quickly! -18.19757038302506,3.2668918823215733,-18.0624730702164
[00:42:25] [Server thread/INFO]: A_le_ issued server command: /tp VLLMBot A_le_
[00:42:25] [Server thread/INFO]: [A_le_: Teleported VLLMBot to A_le_]
[00:42:25] [Server thread/WARN]: VLLMBot moved too quickly! 19.292832072245666,1.9127077365759533,17.597858249412564
[00:42:25] [Server thread/WARN]: VLLMBot moved too quickly! 19.292832072245666,1.9127077365759533,17.597858249412564
[00:43:21] [Server thread/INFO]: A_le_ issued server command: /tp VLLMBot A_le_
[00:43:21] [Server thread/INFO]: [A_le_: Teleported VLLMBot to A_le_]
[00:43:21] [Server thread/WARN]: VLLMBot moved too quickly! 1.6694828798266055,2.8933781704372166,15.378016308410025
[00:43:46] [Server thread/INFO]: A_le_ issued server command: /tp VLLMBot A_le_
[00:43:46] [Server thread/INFO]: [A_le_: Teleported VLLMBot to A_le_]
[00:43:46] [Server thread/WARN]: VLLMBot moved too quickly! 14.153319401606325,2.531192428626227,1.963064903396383
[00:44:45] [Server thread/INFO]: A_le_ issued server command: /tp VLLMBot A_le_
[00:44:45] [Server thread/INFO]: [A_le_: Teleported VLLMBot to A_le_]
[01:29:30] [Server thread/INFO]: A_le_ issued server command: /tp VLLMBot A_le_
[01:29:30] [Server thread/INFO]: [A_le_: Teleported VLLMBot to A_le_]
[01:31:21] [Server thread/INFO]: A_le_ issued server command: /tp VLLMBot A_le_
[01:31:21] [Server thread/INFO]: [A_le_: Teleported VLLMBot to A_le_]
[01:31:21] [Server thread/WARN]: VLLMBot moved too quickly! -11.039894561391396,5.717461006741203,21.995605104283964
[01:32:04] [Server thread/INFO]: A_le_ issued server command: /tp VLLMBot A_le_
[01:32:04] [Server thread/INFO]: [A_le_: Teleported VLLMBot to A_le_]
[01:32:04] [Server thread/WARN]: VLLMBot moved too quickly! -4.213703133596949,9.086956701455918,-9.274928498577907
[01:32:44] [Server thread/INFO]: A_le_ issued server command: /tp VLLMBot A_le_
[01:32:44] [Server thread/INFO]: [A_le_: Teleported VLLMBot to A_le_]
[01:32:44] [Server thread/WARN]: VLLMBot moved too quickly! -1.1874139629041447,2.7508909689363747,-16.874826892403817
[01:33:54] [Server thread/INFO]: A_le_ issued server command: /tp VLLMBot A_le_
[01:33:54] [Server thread/INFO]: [A_le_: Teleported VLLMBot to A_le_]
[01:33:54] [Server thread/WARN]: VLLMBot moved too quickly! -5.967474094436106,0.0,-9.64870173286455
[01:34:28] [Server thread/INFO]: A_le_ issued server command: /tp VLLMBot A_le_
[01:34:28] [Server thread/INFO]: [A_le_: Teleported VLLMBot to A_le_]
[01:34:28] [Server thread/WARN]: VLLMBot moved too quickly! -0.40271715250219386,9.240039297308996,-5.321786069715619
[01:35:11] [Server thread/INFO]: A_le_ issued server command: /tp VLLMBot A_le_
[01:35:11] [Server thread/INFO]: [A_le_: Teleported VLLMBot to A_le_]
[01:35:11] [Server thread/WARN]: VLLMBot moved too quickly! -19.142726517719353,3.6264193679810575,-18.001725991306607
[01:35:11] [Server thread/WARN]: VLLMBot moved too quickly! -19.142726517719353,3.6264193679810575,-18.001725991306607
[01:35:36] [Server thread/INFO]: A_le_ issued server command: /tp VLLMBot A_le_
[01:35:36] [Server thread/INFO]: [A_le_: Teleported VLLMBot to A_le_]
[01:35:36] [Server thread/WARN]: VLLMBot moved too quickly! 15.498313552226552,2.8775606660044843,-8.53091213168192
[01:36:13] [Server thread/INFO]: A_le_ issued server command: /tp VLLMBot A_le_a
[01:36:14] [Server thread/INFO]: A_le_ issued server command: /tp VLLMBot A_le_a
[01:36:17] [Server thread/INFO]: A_le_ issued server command: /tp VLLMBot A_le_
[01:36:17] [Server thread/INFO]: [A_le_: Teleported VLLMBot to A_le_]
[01:36:17] [Server thread/WARN]: VLLMBot moved too quickly! 10.484923739357411,2.137501803083339,-16.882591204274465
[01:37:14] [Server thread/INFO]: A_le_ issued server command: /tp VLLMBot A_le_w
[01:37:16] [Server thread/INFO]: A_le_ issued server command: /tp VLLMBot A_le_w
[01:37:18] [Server thread/INFO]: A_le_ issued server command: /tp VLLMBot A_le_
[01:37:18] [Server thread/INFO]: [A_le_: Teleported VLLMBot to A_le_]
[01:37:18] [Server thread/WARN]: VLLMBot moved too quickly! 10.4628821356497,4.039450258955668,-20.770969598198057
[01:37:57] [Server thread/INFO]: A_le_ lost connection: Disconnected
[01:37:57] [Server thread/INFO]: A_le_ left the game
[01:37:58] [Server thread/INFO]: VLLMBot lost connection: Disconnected
[01:37:58] [Server thread/INFO]: VLLMBot left the game
[01:38:10] [Server thread/INFO]: Stopping server
[01:38:10] [Server thread/INFO]: Saving players
[01:38:10] [Server thread/INFO]: Saving worlds
[01:38:10] [Server thread/INFO]: Saving chunks for level 'ServerLevel[world]'/minecraft:overworld
[01:38:10] [Server thread/INFO]: [ChunkHolderManager] Waiting 60s for chunk system to halt for world 'world'
[01:38:10] [Server thread/INFO]: [ChunkHolderManager] Halted chunk system for world 'world'
[01:38:10] [Server thread/INFO]: [ChunkHolderManager] Saving all chunkholders for world 'world'
[01:38:10] [Server thread/INFO]: [ChunkHolderManager] Saved 12 block chunks, 34 entity chunks, 0 poi chunks in world 'world' in 0.01s
[01:38:10] [Server thread/INFO]: ThreadedAnvilChunkStorage (world): All chunks are saved
[01:38:10] [Server thread/INFO]: Saving chunks for level 'ServerLevel[world_nether]'/minecraft:the_nether
[01:38:10] [Server thread/INFO]: [ChunkHolderManager] Waiting 60s for chunk system to halt for world 'world_nether'
[01:38:10] [Server thread/INFO]: [ChunkHolderManager] Halted chunk system for world 'world_nether'
[01:38:10] [Server thread/INFO]: [ChunkHolderManager] Saving all chunkholders for world 'world_nether'
[01:38:10] [Server thread/INFO]: [ChunkHolderManager] Saved 0 block chunks, 9 entity chunks, 0 poi chunks in world 'world_nether' in 0.00s
[01:38:10] [Server thread/INFO]: ThreadedAnvilChunkStorage (DIM-1): All chunks are saved
[01:38:10] [Server thread/INFO]: Saving chunks for level 'ServerLevel[world_the_end]'/minecraft:the_end
[01:38:10] [Server thread/INFO]: [ChunkHolderManager] Waiting 60s for chunk system to halt for world 'world_the_end'
[01:38:10] [Server thread/INFO]: [ChunkHolderManager] Halted chunk system for world 'world_the_end'
[01:38:10] [Server thread/INFO]: [ChunkHolderManager] Saving all chunkholders for world 'world_the_end'
[01:38:10] [Server thread/INFO]: [ChunkHolderManager] Saved 10 block chunks, 10 entity chunks, 0 poi chunks in world 'world_the_end' in 0.00s
[01:38:10] [Server thread/INFO]: ThreadedAnvilChunkStorage (DIM1): All chunks are saved
[01:38:10] [Server thread/INFO]: ThreadedAnvilChunkStorage: All dimensions are saved
[01:38:10] [Server thread/INFO]: Flushing Chunk IO
[01:38:10] [Server thread/INFO]: Closing Thread Pool
[01:38:10] [Server thread/INFO]: Closing Server
[01:38:10] [Server console handler/ERROR]: Caught previously unhandled exception :
java.io.IOError: java.io.IOException: Input/output error
	at org.jline.keymap.BindingReader.readCharacter(BindingReader.java:170) ~[jline-reader-3.20.0.jar:?]
	at org.jline.keymap.BindingReader.readBinding(BindingReader.java:110) ~[jline-reader-3.20.0.jar:?]
	at org.jline.keymap.BindingReader.readBinding(BindingReader.java:61) ~[jline-reader-3.20.0.jar:?]
	at org.jline.reader.impl.LineReaderImpl.doReadBinding(LineReaderImpl.java:923) ~[jline-reader-3.20.0.jar:?]
	at org.jline.reader.impl.LineReaderImpl.readBinding(LineReaderImpl.java:956) ~[jline-reader-3.20.0.jar:?]
	at org.jline.reader.impl.LineReaderImpl.readLine(LineReaderImpl.java:651) ~[jline-reader-3.20.0.jar:?]
	at org.jline.reader.impl.LineReaderImpl.readLine(LineReaderImpl.java:468) ~[jline-reader-3.20.0.jar:?]
	at net.minecrell.terminalconsole.SimpleTerminalConsole.readCommands(SimpleTerminalConsole.java:158) ~[terminalconsoleappender-1.3.0.jar:?]
	at net.minecrell.terminalconsole.SimpleTerminalConsole.start(SimpleTerminalConsole.java:141) ~[terminalconsoleappender-1.3.0.jar:?]
	at net.minecraft.server.dedicated.DedicatedServer$1.run(DedicatedServer.java:102) ~[paper-1.20.1.jar:git-Paper-196]
Caused by: java.io.IOException: Input/output error
	at java.io.FileInputStream.read0(Native Method) ~[?:?]
	at java.io.FileInputStream.read(FileInputStream.java:231) ~[?:?]
	at org.jline.terminal.impl.AbstractPty$PtyInputStream.read(AbstractPty.java:73) ~[jline-terminal-3.21.0.jar:?]
	at org.jline.utils.NonBlockingInputStream.read(NonBlockingInputStream.java:62) ~[jline-terminal-3.21.0.jar:?]
	at org.jline.utils.NonBlocking$NonBlockingInputStreamReader.read(NonBlocking.java:168) ~[jline-terminal-3.21.0.jar:?]
	at org.jline.utils.NonBlockingReader.read(NonBlockingReader.java:57) ~[jline-terminal-3.21.0.jar:?]
	at org.jline.keymap.BindingReader.readCharacter(BindingReader.java:160) ~[jline-reader-3.20.0.jar:?]
	... 9 more
